Enter password: ****
Welcome to the MySQL monitor.  Commands end with ; or \g.
Your MySQL connection id is 9
Server version: 8.0.21 MySQL Community Server - GPL

Copyright (c) 2000, 2020, Oracle and/or its affiliates. All rights reserved.

Oracle is a registered trademark of Oracle Corporation and/or its
affiliates. Other names may be trademarks of their respective
owners.

Type 'help;' or '\h' for help. Type '\c' to clear the current input statement.

mysql> use university;
Database changed
mysql> delimiter //
mysql> create procedure cursor2()
    -> begin
    -> declare done int default 0;
    -> declare i int;
    -> declare n varchar(10)
    -> ;
    -> declare cursor2 cursor for select tot_credits, sname from student;
    -> open cursor2;
    -> fetch cursor1 into i,n;
    -> select i,n;
    -> close cursor2;
    -> end;//
ERROR 1324 (42000): Undefined CURSOR: cursor1
mysql> delimiter //
mysql> create procedure cursor2()
    -> begin
    -> declare done int default 0;
    -> declare i int;
    -> declare n varchar(10)
    -> ;
    -> declare cursor2 cursor for select tot_credits, sname from student;
    -> open cursor2;
    -> fetch cursor2 into i,n;
    -> select i,n;
    -> close cursor2;
    -> end;//
Query OK, 0 rows affected (0.18 sec)

mysql> delimiter //
mysql> call cursor2();
    -> //
+------+------+
| i    | n    |
+------+------+
|    8 | A    |
+------+------+
1 row in set (0.00 sec)

Query OK, 0 rows affected (0.01 sec)

mysql>